[debug] [2026-09-10T13:29:50.940Z] ----------------------------------------------------------------------
[debug] [2026-09-10T13:29:50.943Z] Command:       /usr/local/bin/node /usr/local/bin/firebase deploy --only hosting --project samaj-connect-6ad91
[debug] [2026-09-10T13:29:50.944Z] CLI Version:   15.26.0
[debug] [2026-09-10T13:29:50.944Z] Platform:      linux
[debug] [2026-09-10T13:29:50.945Z] Node Version:  v22.23.2
[debug] [2026-09-10T13:29:50.945Z] Detected Agent: unknown
[debug] [2026-09-10T13:29:50.945Z] Time:          Thu Sep 10 2026 13:29:50 GMT+0000 (Coordinated Universal Time)
[debug] [2026-09-10T13:29:50.945Z] ----------------------------------------------------------------------
[debug] 
[debug] [2026-09-10T13:29:53.607Z] > command requires scopes: ["email","openid","https://www.googleapis.com/auth/cloudplatformprojects.readonly","https://www.googleapis.com/auth/firebase","https://www.googleapis.com/auth/cloud-platform"]
[debug] [2026-09-10T13:29:53.631Z] Running auto auth
[debug] [2026-09-10T13:29:53.635Z] [iam] checking project samaj-connect-6ad91 for permissions ["firebase.projects.get","firebasehosting.sites.update"]
[debug] [2026-09-10T13:29:53.668Z] No OAuth tokens found
[debug] [2026-09-10T13:29:53.670Z] >>> [apiv2][query] POST https://cloudresourcemanager.googleapis.com/v1/projects/samaj-connect-6ad91:testIamPermissions [none]
[debug] [2026-09-10T13:29:53.670Z] >>> [apiv2][(partial)header] POST https://cloudresourcemanager.googleapis.com/v1/projects/samaj-connect-6ad91:testIamPermissions  x-goog-user-project=samaj-connect-6ad91
[debug] [2026-09-10T13:29:53.671Z] >>> [apiv2][body] POST https://cloudresourcemanager.googleapis.com/v1/projects/samaj-connect-6ad91:testIamPermissions {"permissions":["firebase.projects.get","firebasehosting.sites.update"]}
[debug] [2026-09-10T13:29:54.016Z] <<< [apiv2][status] POST https://cloudresourcemanager.googleapis.com/v1/projects/samaj-connect-6ad91:testIamPermissions 403
[debug] [2026-09-10T13:29:54.017Z] <<< [apiv2][body] POST https://cloudresourcemanager.googleapis.com/v1/projects/samaj-connect-6ad91:testIamPermissions {"error":{"code":403,"message":"Caller does not have required permission to use project samaj-connect-6ad91. Grant the caller the roles/serviceusage.serviceUsageConsumer role, or a custom role with the serviceusage.services.use permission, by visiting https://console.developers.google.com/iam-admin/iam?project=samaj-connect-6ad91 and then retry. Propagation of the new permission may take a few minutes.","status":"PERMISSION_DENIED","details":[{"@type":"type.googleapis.com/google.rpc.ErrorInfo","reason":"USER_PROJECT_DENIED","domain":"googleapis.com","metadata":{"containerInfo":"samaj-connect-6ad91","service":"cloudresourcemanager.googleapis.com","consoleUrl":"https://console.developers.google.com/iam-admin/iam?project=samaj-connect-6ad91","consumer":"projects/samaj-connect-6ad91"}},{"@type":"type.googleapis.com/google.rpc.LocalizedMessage","locale":"en-US","message":"Caller does not have required permission to use project samaj-connect-6ad91. Grant the caller the roles/serviceusage.serviceUsageConsumer role, or a custom role with the serviceusage.services.use permission, by visiting https://console.developers.google.com/iam-admin/iam?project=samaj-connect-6ad91 and then retry. Propagation of the new permission may take a few minutes."},{"@type":"type.googleapis.com/google.rpc.Help","links":[{"description":"Google developer console IAM admin","url":"https://console.developers.google.com/iam-admin/iam?project=samaj-connect-6ad91"}]}]}}
[debug] [2026-09-10T13:29:54.018Z] [iam] error while checking permissions, command may fail: Request to https://cloudresourcemanager.googleapis.com/v1/projects/samaj-connect-6ad91:testIamPermissions had HTTP Error: 403, Caller does not have required permission to use project samaj-connect-6ad91. Grant the caller the roles/serviceusage.serviceUsageConsumer role, or a custom role with the serviceusage.services.use permission, by visiting https://console.developers.google.com/iam-admin/iam?project=samaj-connect-6ad91 and then retry. Propagation of the new permission may take a few minutes.
[debug] [2026-09-10T13:29:54.019Z] No OAuth tokens found
[debug] [2026-09-10T13:29:54.019Z] >>> [apiv2][query] GET https://firebase.googleapis.com/v1beta1/projects/samaj-connect-6ad91 [none]
[debug] [2026-09-10T13:29:54.072Z] <<< [apiv2][status] GET https://firebase.googleapis.com/v1beta1/projects/samaj-connect-6ad91 403
[debug] [2026-09-10T13:29:54.072Z] <<< [apiv2][body] GET https://firebase.googleapis.com/v1beta1/projects/samaj-connect-6ad91 {"error":{"code":403,"message":"Firebase Management API has not been used in project 702698170139 before or it is disabled. Enable it by visiting https://console.developers.google.com/apis/api/firebase.googleapis.com/overview?project=702698170139 then retry. If you enabled this API recently, wait a few minutes for the action to propagate to our systems and retry.","status":"PERMISSION_DENIED","details":[{"@type":"type.googleapis.com/google.rpc.ErrorInfo","reason":"SERVICE_DISABLED","domain":"googleapis.com","metadata":{"activationUrl":"https://console.developers.google.com/apis/api/firebase.googleapis.com/overview?project=702698170139","serviceTitle":"Firebase Management API","consumer":"projects/702698170139","service":"firebase.googleapis.com","containerInfo":"702698170139"}},{"@type":"type.googleapis.com/google.rpc.LocalizedMessage","locale":"en-US","message":"Firebase Management API has not been used in project 702698170139 before or it is disabled. Enable it by visiting https://console.developers.google.com/apis/api/firebase.googleapis.com/overview?project=702698170139 then retry. If you enabled this API recently, wait a few minutes for the action to propagate to our systems and retry."},{"@type":"type.googleapis.com/google.rpc.Help","links":[{"description":"Google developers console API activation","url":"https://console.developers.google.com/apis/api/firebase.googleapis.com/overview?project=702698170139"}]}]}}
[debug] [2026-09-10T13:29:54.072Z] Request to https://firebase.googleapis.com/v1beta1/projects/samaj-connect-6ad91 had HTTP Error: 403, Firebase Management API has not been used in project 702698170139 before or it is disabled. Enable it by visiting https://console.developers.google.com/apis/api/firebase.googleapis.com/overview?project=702698170139 then retry. If you enabled this API recently, wait a few minutes for the action to propagate to our systems and retry.
[debug] [2026-09-10T13:29:54.074Z] FirebaseError: Request to https://firebase.googleapis.com/v1beta1/projects/samaj-connect-6ad91 had HTTP Error: 403, Firebase Management API has not been used in project 702698170139 before or it is disabled. Enable it by visiting https://console.developers.google.com/apis/api/firebase.googleapis.com/overview?project=702698170139 then retry. If you enabled this API recently, wait a few minutes for the action to propagate to our systems and retry.
    at responseToError (/usr/local/lib/node_modules/firebase-tools/lib/responseToError.js:53:12)
    at RetryOperation._fn (/usr/local/lib/node_modules/firebase-tools/lib/apiv2.js:415:77)
    at process.processTicksAndRejections (node:internal/process/task_queues:103:5)
[error] 
[error] Error: Failed to get Firebase project samaj-connect-6ad91. Please make sure the project exists and your account has permission to access it.
